I'm sorry, but errors were detected in your script. Please correct the
errors listed below, and try again.


File "game/characters.rpy", line 33: expected 'comma or end of line' not found.
    cass_img = "images/placeholder/cass.png"
             ^

Ren'Py Version: Ren'Py 8.2.1.24030407
Mon Jun  2 22:26:36 2025
